c_{34} (c_{34} (c_{39}(c_{24}(c_{20} (c_{40}))(c_{32} (c_{32} c_{36} c_{37}) c_{36}))) (c_{67})) (c_{39}(c_{24}(c_{20} (c_{40}))(c_{32} c_{37} c_{36})))