c_{19} (\lambda x_{120} . c_{13} (\lambda x_{1}. c_{13} (\lambda x_{2} . c_{15}
(c_{31} (c_{33} ( c_{21} x_{2} (c_{55} (c_{54} c_{50} c_{51}) x_{2})))
(c_{33} ( c_{21} x_{2} x_{1}))) x_{120})))
(\lambda x_{120} . c_{32} (c_{32} c_{36} c_{36}) (c_{32} c_{36} c_{36}))